python : C:\Users\TrevorBa
tes\AppData\Roaming\Python
\Python313\site-packages\o
penpyxl\styles\stylesheet.
py:237: UserWarning: 
Workbook contains no 
default style, apply 
openpyxl's default
At line:1 char:1
+ python 
v2\daily_import.py 
--dry-run > 
test_output.log 2>&1; 
type test ...
+ ~~~~~~~~~~~~~~~~~~~~~~~~
~~~~~~~~~~~~~~~~~~~~~~~~~~
~~~~~~~~
    + CategoryInfo        
      : NotSpecified: (C  
  :\Users\Trevor...npyx   
 l's default:String) [    
], RemoteException
    + FullyQualifiedError 
   Id : NativeCommandErr  
  or
 
  warn("Workbook contains 
no default style, apply 
openpyxl's default")
Traceback (most recent 
call last):
  File "C:\Projects\BYD_Va
lleyTracking\v2\data_proce
ssor.py", line 26, in 
load_manual_export
    print(f"\u2713 Loaded 
{len(df)} records with 
{len(df.columns)} 
columns")
    ~~~~~^^^^^^^^^^^^^^^^^
^^^^^^^^^^^^^^^^^^^^^^^^^^
^^^^^^^^^^^^^^^^^^^
  File "C:\Python313\Lib\e
ncodings\cp1252.py", line 
19, in encode
    return codecs.charmap_
encode(input,self.errors,e
ncoding_table)[0]
           ~~~~~~~~~~~~~~~
~~~~~~^^^^^^^^^^^^^^^^^^^^
^^^^^^^^^^^^^^
UnicodeEncodeError: 
'charmap' codec can't 
encode character '\u2713' 
in position 0: character 
maps to <undefined>

During handling of the 
above exception, another 
exception occurred:

Traceback (most recent 
call last):
  File "C:\Projects\BYD_Va
lleyTracking\v2\main.py", 
line 49, in main
    df_raw = load_manual_e
xport(export_filepath)
  File "C:\Projects\BYD_Va
lleyTracking\v2\data_proce
ssor.py", line 31, in 
load_manual_export
    raise 
Exception(f"Error loading 
export: {e}")
Exception: Error loading 
export: 'charmap' codec 
can't encode character 
'\u2713' in position 0: 
character maps to 
<undefined>

During handling of the 
above exception, another 
exception occurred:

Traceback (most recent 
call last):
  File "C:\Projects\BYD_Va
lleyTracking\v2\daily_impo
rt.py", line 148, in main
    success = process_expo
rt(export_filepath=latest_
export, 
dry_run=args.dry_run)
  File "C:\Projects\BYD_Va
lleyTracking\v2\main.py", 
line 53, in main
    print(f"\u274c Error 
loading/processing data: 
{e}")
    ~~~~~^^^^^^^^^^^^^^^^^
^^^^^^^^^^^^^^^^^^^^^^^^^
  File "C:\Python313\Lib\e
ncodings\cp1252.py", line 
19, in encode
    return codecs.charmap_
encode(input,self.errors,e
ncoding_table)[0]
           ~~~~~~~~~~~~~~~
~~~~~~^^^^^^^^^^^^^^^^^^^^
^^^^^^^^^^^^^^
UnicodeEncodeError: 
'charmap' codec can't 
encode character '\u274c' 
in position 0: character 
maps to <undefined>
============================================================
BYD/Valley Daily Data Import
============================================================

Searching for latest export in:
  C:\Users\TrevorBates\OneDrive - PEP\Clients\Desktop\Azure Sync\Daily Standup\BYD_ValleyData

[OK] Found latest export: 02_16_26.01.xlsx
  Modified: 2026-02-16 11:31:09

============================================================
Processing Export Through V2.0 Pipeline
============================================================

============================================================
BYD/Valley Tracking V2.0 - Report Generator
============================================================

Loading export: C:\Users\TrevorBates\OneDrive - PEP\Clients\Desktop\Azure Sync\Daily Standup\BYD_ValleyData\02_16_26.01.xlsx

[ERROR] Error during processing: 'charmap' codec can't encode character '\u274c' in position 0: character maps to <undefined>
